// Jest Snapshot v1, https://goo.gl/fbAQLP

exports[`attribution routes GET /attribution/... (unmodified) returns attribution information for the given file 1`] = `
Object {
  "attribution_html": "fake html attribution",
  "attribution_plain": "fake plain text attribution",
  "license": "CC BY-SA 3.0",
  "license_url": "https://creativecommons.org/licenses/by-sa/3.0/legalcode",
}
`;
