// Jest Snapshot v1, https://goo.gl/fbAQLP

exports[`files routes GET /files with a valid encoded url returns a list of files with their name and url 1`] = `
Array [
  Object {
    "title": "File:Folder Hexagonal Icon.svg",
    "url": "https://upload.wikimedia.org/wikipedia/en/4/48/Folder_Hexagonal_Icon.svg",
  },
  Object {
    "title": "File:Flag of the United States.svg",
    "url": "https://upload.wikimedia.org/wikipedia/en/a/a4/Flag_of_the_United_States.svg",
  },
  Object {
    "title": "File:Commons-logo.svg",
    "url": "https://upload.wikimedia.org/wikipedia/en/4/4a/Commons-logo.svg",
  },
  Object {
    "title": "File:149 New Montgomery Street, San Francisco.jpg",
    "url": "https://upload.wikimedia.org/wikipedia/commons/8/8f/149_New_Montgomery_Street%2C_San_Francisco.jpg",
  },
  Object {
    "title": "File:Blue pencil.svg",
    "url": "https://upload.wikimedia.org/wikipedia/commons/7/73/Blue_pencil.svg",
  },
  Object {
    "title": "File:Christophe Henner défend son bilan.JPG",
    "url": "https://upload.wikimedia.org/wikipedia/commons/c/c4/Christophe_Henner_d%C3%A9fend_son_bilan.JPG",
  },
  Object {
    "title": "File:Crystal Clear app linneighborhood.svg",
    "url": "https://upload.wikimedia.org/wikipedia/commons/f/f9/Crystal_Clear_app_linneighborhood.svg",
  },
  Object {
    "title": "File:Finance Meeting Paris 2012-02-18 n06.jpg",
    "url": "https://upload.wikimedia.org/wikipedia/commons/d/de/Finance_Meeting_Paris_2012-02-18_n06.jpg",
  },
  Object {
    "title": "File:Flag of Florida.svg",
    "url": "https://upload.wikimedia.org/wikipedia/commons/f/f7/Flag_of_Florida.svg",
  },
  Object {
    "title": "File:Free and open-source software logo (2009).svg",
    "url": "https://upload.wikimedia.org/wikipedia/commons/3/31/Free_and_open-source_software_logo_%282009%29.svg",
  },
]
`;
