// Jest Snapshot v1, https://goo.gl/fbAQLP

exports[`license routes GET /license returns the license of a file 1`] = `
Object {
  "code": "CC BY-SA 3.0",
  "url": "https://creativecommons.org/licenses/by-sa/3.0/legalcode",
}
`;

exports[`license routes GET /license/{file} returns the license of a file 1`] = `
Object {
  "code": "CC BY-SA 3.0",
  "url": "https://creativecommons.org/licenses/by-sa/3.0/legalcode",
}
`;

exports[`license routes GET /licenses returns a list of licenses 1`] = `
Array [
  Object {
    "code": "bar",
    "url": "https://foo.bar/path%20with%20spaces",
  },
  Object {
    "code": "foo",
    "url": "https://foo.bar/just-a-regular-path",
  },
]
`;

exports[`license routes GET /licenses/compatible/{license} returns a list of licenses 1`] = `Array []`;
