// Jest Snapshot v1, https://goo.gl/fbAQLP

exports[`license routes GET /licenses returns a list of licenses 1`] = `
Array [
  Object {
    "code": "cc-by-sa-4.0",
    "groups": Array [
      "cc",
      "cc4",
    ],
    "name": "CC BY-SA 4.0",
    "url": "https://creativecommons.org/licenses/by-sa/3.0/legalcode",
  },
  Object {
    "code": "cc-by-sa-3.0",
    "groups": Array [
      "cc",
      "cc4",
    ],
    "name": "CC BY-SA 3.0",
    "url": "https://creativecommons.org/licenses/by-sa/3.0/legalcode",
  },
]
`;

exports[`license routes GET /licenses/compatible/{license} returns a list of licenses 1`] = `
Array [
  Object {
    "code": "cc-by-sa-4.0",
    "groups": Array [
      "cc",
      "cc4",
    ],
    "name": "CC BY-SA 4.0",
    "url": "https://creativecommons.org/licenses/by-sa/3.0/legalcode",
  },
  Object {
    "code": "cc-by-sa-3.0",
    "groups": Array [
      "cc",
      "cc4",
    ],
    "name": "CC BY-SA 3.0",
    "url": "https://creativecommons.org/licenses/by-sa/3.0/legalcode",
  },
]
`;

exports[`license routes GET /licenses/compatible/{license} returns an empty response if no compatible licences could be found 1`] = `Array []`;
